1,123.40,test1,TEST1,2015-04-23 16:02:03
2,1234567890.12,test9999,TEST9999,2015-12-31 15:00:00
